{
  "data": {
    "todoItem": {
      "id": "4d304dc7-93aa-449e-bc61-945b4b4e350d",
      "title": "Title #1",
      "isDone": false
    }
  }
}
