{
  "errors": [
    {
      "message": "Expected a \u0060Name\u0060-token, but found a \u0060Float\u0060-token.",
      "locations": [
        {
          "line": 2,
          "column": 23
        }
      ],
      "extensions": {
        "code": "HC0014"
      }
    }
  ]
}
