{
  "data": {
    "todoItem": {
      "id": "97689b30-05d5-4b73-a21a-f4ef8f1cf3c1",
      "title": "Title #1",
      "isDone": false
    }
  }
}
